     VMA      LMA     Size Align Out     In      Symbol
       0        0 80200000     1 . = 0x80200000
80200000 80200000      2e6     2 .text
80200000 80200000        e     2         /tmp/kernel-734ba4.o:(.text.boot)
80200000 80200000        0     1                 
80200000 80200000        0     1                 
80200000 80200000        0     1                 $x.1
80200000 80200000        0     1                 
80200000 80200000        e     1                 boot
8020000e 8020000e        0     1                 
8020000e 8020000e        0     1                 
8020000e 8020000e       ae     2         /tmp/kernel-734ba4.o:(.text)
8020000e 8020000e        0     1                 
8020000e 8020000e        0     1                 
8020000e 8020000e        0     1                 $x.0
8020000e 8020000e        0     1                 
8020000e 8020000e        6     1                 sbi_call
80200012 80200012        0     1                 
80200014 80200014        0     1                 
80200014 80200014        0     1                 
80200014 80200014        0     1                 
80200014 80200014       14     1                 putchar
80200026 80200026        0     1                 
80200028 80200028        0     1                 
80200028 80200028        0     1                 
80200028 80200028        0     1                 
80200028 80200028       2a     1                 print_string
8020002c 8020002c        0     1                 
8020003e 8020003e        0     1                 
8020003e 8020003e        0     1                 .LBB2_2
8020003e 8020003e        0     1                 
80200042 80200042        0     1                 
80200042 80200042        0     1                 
80200044 80200044        0     1                 
80200048 80200048        0     1                 
80200048 80200048        0     1                 
8020004c 8020004c        0     1                 
80200050 80200050        0     1                 .LBB2_3
80200050 80200050        0     1                 
80200050 80200050        0     1                 
80200052 80200052        0     1                 
80200052 80200052        0     1                 
80200052 80200052        0     1                 
80200052 80200052        0     1                 
80200052 80200052        0     1                 
80200052 80200052       6a     1                 kernel_main
80200056 80200056        0     1                 
8020006c 8020006c        0     1                 
8020006c 8020006c        0     1                 
80200088 80200088        0     1                 .LBB3_1
80200088 80200088        0     1                 
80200088 80200088        0     1                 
8020008c 8020008c        0     1                 
8020008c 8020008c        0     1                 
80200092 80200092        0     1                 
80200092 80200092        0     1                 
80200096 80200096        0     1                 
80200098 80200098        0     1                 
8020009c 8020009c        0     1                 
8020009c 8020009c        0     1                 
802000b6 802000b6        0     1                 
802000b6 802000b6        0     1                 .LBB3_3
802000b6 802000b6        0     1                 
802000ba 802000ba        0     1                 
802000bc 802000bc        0     1                 
802000bc 802000bc        0     1                 
802000bc 802000bc      22a     2         /tmp/common-ad3cce.o:(.text)
802000bc 802000bc        0     1                 
802000bc 802000bc        0     1                 
802000bc 802000bc        0     1                 $x.0
802000bc 802000bc        0     1                 
802000bc 802000bc       16     1                 memset
802000c0 802000c0        0     1                 
802000c0 802000c0        0     1                 
802000c2 802000c2        0     1                 
802000c2 802000c2        0     1                 .LBB0_2
802000c2 802000c2        0     1                 
802000c6 802000c6        0     1                 
802000c6 802000c6        0     1                 
802000ca 802000ca        0     1                 
802000cc 802000cc        0     1                 
802000cc 802000cc        0     1                 
802000d0 802000d0        0     1                 .LBB0_3
802000d0 802000d0        0     1                 
802000d0 802000d0        0     1                 
802000d2 802000d2        0     1                 
802000d2 802000d2        0     1                 
802000d2 802000d2        0     1                 
802000d2 802000d2        0     1                 
802000d2 802000d2        0     1                 
802000d2 802000d2       1c     1                 memcpy
802000d6 802000d6        0     1                 
802000d6 802000d6        0     1                 
802000d8 802000d8        0     1                 
802000d8 802000d8        0     1                 .LBB1_2
802000d8 802000d8        0     1                 
802000dc 802000dc        0     1                 
802000de 802000de        0     1                 
802000e2 802000e2        0     1                 
802000e2 802000e2        0     1                 
802000e6 802000e6        0     1                 
802000e8 802000e8        0     1                 
802000e8 802000e8        0     1                 
802000ec 802000ec        0     1                 .LBB1_3
802000ec 802000ec        0     1                 
802000ec 802000ec        0     1                 
802000ee 802000ee        0     1                 
802000ee 802000ee        0     1                 
802000ee 802000ee        0     1                 
802000ee 802000ee        0     1                 
802000ee 802000ee        0     1                 
802000ee 802000ee       24     1                 strcpy
802000f4 802000f4        0     1                 
802000f8 802000f8        0     1                 
802000f8 802000f8        0     1                 
802000fa 802000fa        0     1                 
802000fa 802000fa        0     1                 .LBB2_2
802000fa 802000fa        0     1                 
802000fe 802000fe        0     1                 
80200102 80200102        0     1                 
80200106 80200106        0     1                 
80200106 80200106        0     1                 
80200108 80200108        0     1                 
80200108 80200108        0     1                 
8020010a 8020010a        0     1                 
8020010c 8020010c        0     1                 .LBB2_3
8020010c 8020010c        0     1                 
8020010c 8020010c        0     1                 
80200110 80200110        0     1                 
80200112 80200112        0     1                 
80200112 80200112        0     1                 
80200112 80200112        0     1                 
80200112 80200112        0     1                 
80200112 80200112        0     1                 
80200112 80200112       2e     1                 strcmp
80200116 80200116        0     1                 
80200118 80200118        0     1                 
8020011a 8020011a        0     1                 
8020011a 8020011a        0     1                 .LBB3_2
8020011a 8020011a        0     1                 
80200122 80200122        0     1                 
80200126 80200126        0     1                 
80200126 80200126        0     1                 
8020012a 8020012a        0     1                 
8020012c 8020012c        0     1                 
8020012e 8020012e        0     1                 
80200130 80200130        0     1                 .LBB3_4
80200130 80200130        0     1                 
80200136 80200136        0     1                 .LBB3_5
80200136 80200136        0     1                 
80200136 80200136        0     1                 
80200138 80200138        0     1                 .LBB3_6
80200138 80200138        0     1                 
80200138 80200138        0     1                 
8020013c 8020013c        0     1                 
8020013c 8020013c        0     1                 
8020013e 8020013e        0     1                 
80200140 80200140        0     1                 
80200140 80200140        0     1                 
80200140 80200140        0     1                 
80200140 80200140        0     1                 
80200140 80200140        0     1                 
80200140 80200140      1a6     1                 printf
8020015e 8020015e        0     1                 
8020016e 8020016e        0     1                 
80200196 80200196        0     1                 .LBB4_1
80200196 80200196        0     1                 
8020019a 8020019a        0     1                 .LBB4_2
8020019a 8020019a        0     1                 
8020019c 8020019c        0     1                 .LBB4_3
8020019c 8020019c        0     1                 
802001a0 802001a0        0     1                 
802001a8 802001a8        0     1                 .LBB4_5
802001a8 802001a8        0     1                 
802001aa 802001aa        0     1                 
802001aa 802001aa        0     1                 
802001ac 802001ac        0     1                 
802001ae 802001ae        0     1                 .LBB4_6
802001ae 802001ae        0     1                 
802001b2 802001b2        0     1                 
802001b4 802001b4        0     1                 
802001c4 802001c4        0     1                 
802001c4 802001c4        0     1                 
802001d0 802001d0        0     1                 
802001d0 802001d0        0     1                 
802001d4 802001d4        0     1                 
802001d4 802001d4        0     1                 
802001d6 802001d6        0     1                 
802001dc 802001dc        0     1                 .LBB4_11
802001dc 802001dc        0     1                 
802001dc 802001dc        0     1                 
802001e4 802001e4        0     1                 
802001e4 802001e4        0     1                 
802001ee 802001ee        0     1                 
802001ee 802001ee        0     1                 
802001f2 802001f2        0     1                 
802001f2 802001f2        0     1                 
802001f4 802001f4        0     1                 
802001f8 802001f8        0     1                 
802001fa 802001fa        0     1                 
802001fa 802001fa        0     1                 
80200200 80200200        0     1                 
80200200 80200200        0     1                 
80200202 80200202        0     1                 
80200206 80200206        0     1                 
80200208 80200208        0     1                 
80200208 80200208        0     1                 
8020020e 8020020e        0     1                 
8020020e 8020020e        0     1                 
80200210 80200210        0     1                 
80200214 80200214        0     1                 
80200216 80200216        0     1                 
80200216 80200216        0     1                 
8020021c 8020021c        0     1                 
8020021c 8020021c        0     1                 
8020021e 8020021e        0     1                 
80200222 80200222        0     1                 
80200224 80200224        0     1                 
80200224 80200224        0     1                 
8020022a 8020022a        0     1                 
8020022a 8020022a        0     1                 
8020022c 8020022c        0     1                 
80200230 80200230        0     1                 
80200232 80200232        0     1                 
80200232 80200232        0     1                 
80200238 80200238        0     1                 
80200238 80200238        0     1                 
8020023a 8020023a        0     1                 
8020023e 8020023e        0     1                 
80200240 80200240        0     1                 
80200240 80200240        0     1                 
80200246 80200246        0     1                 
80200246 80200246        0     1                 
80200248 80200248        0     1                 
8020024c 8020024c        0     1                 
8020024e 8020024e        0     1                 
8020024e 8020024e        0     1                 
80200250 80200250        0     1                 
80200250 80200250        0     1                 
80200252 80200252        0     1                 
80200256 80200256        0     1                 
80200256 80200256        0     1                 
80200258 80200258        0     1                 
80200258 80200258        0     1                 
8020025a 8020025a        0     1                 
8020025c 8020025c        0     1                 .LBB4_14
8020025c 8020025c        0     1                 
8020025c 8020025c        0     1                 
80200266 80200266        0     1                 
80200266 80200266        0     1                 
8020026a 8020026a        0     1                 
80200270 80200270        0     1                 
80200270 80200270        0     1                 .LBB4_16
80200270 80200270        0     1                 
80200276 80200276        0     1                 
80200276 80200276        0     1                 
8020027a 8020027a        0     1                 
8020027c 8020027c        0     1                 
80200280 80200280        0     1                 .LBB4_17
80200280 80200280        0     1                 
80200280 80200280        0     1                 
80200286 80200286        0     1                 
80200286 80200286        0     1                 
8020028a 8020028a        0     1                 
8020028a 8020028a        0     1                 
8020028c 8020028c        0     1                 
80200290 80200290        0     1                 .LBB4_18
80200290 80200290        0     1                 
80200292 80200292        0     1                 
80200292 80200292        0     1                 .LBB4_19
80200292 80200292        0     1                 
80200296 80200296        0     1                 
8020029a 8020029a        0     1                 
8020029e 8020029e        0     1                 .LBB4_20
8020029e 8020029e        0     1                 
8020029e 8020029e        0     1                 
802002a0 802002a0        0     1                 
802002a0 802002a0        0     1                 
802002a4 802002a4        0     1                 
802002a8 802002a8        0     1                 
802002ae 802002ae        0     1                 
802002ae 802002ae        0     1                 
802002b6 802002b6        0     1                 
802002bc 802002bc        0     1                 
802002bc 802002bc        0     1                 
802002c2 802002c2        0     1                 .LBB4_21
802002c2 802002c2        0     1                 
802002c2 802002c2        0     1                 
802002c8 802002c8        0     1                 .LBB4_22
802002c8 802002c8        0     1                 
802002c8 802002c8        0     1                 
802002cc 802002cc        0     1                 
802002e2 802002e2        0     1                 
802002e6 802002e6        0     1                 
802002e6 802002e6        0     1                 
802002e8 802002e8       49     4 .rodata
802002e8 802002e8       49     1         <internal>:(.rodata.str1.1)
80200334 80200334        0     4 .bss
80200334 80200334        0     1         __bss = .
80200334 80200334        0     1         __bss_end = .
80200334 80200334        0     1 . = ALIGN ( 4 )
80200334 80200334    20000     1 . += 128 * 1024
80220334 80220334        0     1 __stack_top = .
       0        0      401     1 .debug_loc
       0        0      116     1         /tmp/kernel-734ba4.o:(.debug_loc)
       0        0        0     1                 
       0        0        0     1                 $d.3
      1b       1b        0     1                 
      36       36        0     1                 
      51       51        0     1                 
      6e       6e        0     1                 
      89       89        0     1                 
      a6       a6        0     1                 
      c1       c1        0     1                 
      de       de        0     1                 
      f9       f9        0     1                 
     116      116      2eb     1         /tmp/common-ad3cce.o:(.debug_loc)
     116      116        0     1                 
     116      116        0     1                 $d.2
     14a      14a        0     1                 
     15f      15f        0     1                 
     172      172        0     1                 
     1a6      1a6        0     1                 
     1bb      1bb        0     1                 
     1d9      1d9        0     1                 
     202      202        0     1                 
     238      238        0     1                 
     24b      24b        0     1                 
     269      269        0     1                 
     287      287        0     1                 
     2a5      2a5        0     1                 
     2e6      2e6        0     1                 
     363      363        0     1                 
     376      376        0     1                 
     3d6      3d6        0     1                 
       0        0      2b9     1 .debug_abbrev
       0        0      191     1         /tmp/kernel-734ba4.o:(.debug_abbrev)
       0        0        0     1                 $d.4
     191      191      128     1         /tmp/common-ad3cce.o:(.debug_abbrev)
     191      191        0     1                 $d.3
       0        0      7c2     1 .debug_info
       0        0      497     1         /tmp/kernel-734ba4.o:(.debug_info)
       0        0        0     1                 $d.5
     497      497      32b     1         /tmp/common-ad3cce.o:(.debug_info)
     497      497        0     1                 $d.4
       0        0       30     1 .debug_ranges
       0        0       18     1         /tmp/kernel-734ba4.o:(.debug_ranges)
       0        0        0     1                 
       0        0        0     1                 $d.6
      18       18       18     1         /tmp/common-ad3cce.o:(.debug_ranges)
      18       18        0     1                 
      18       18        0     1                 $d.5
       0        0      1a5     1 .debug_str
       0        0      1a5     1         <internal>:(.debug_str)
       0        0       42     1 .comment
       0        0       42     1         <internal>:(.comment)
       0        0       2b     1 .riscv.attributes
       0        0       2b     1         <internal>:(.riscv.attributes)
       0        0       f0     4 .debug_frame
       0        0       6c     4         /tmp/kernel-734ba4.o:(.debug_frame)
       0        0        0     1                 
       0        0        0     1                 $d.10
      6c       6c       84     4         /tmp/common-ad3cce.o:(.debug_frame)
      6c       6c        0     1                 
      6c       6c        0     1                 $d.9
       0        0      4da     1 .debug_line
       0        0      119     1         /tmp/kernel-734ba4.o:(.debug_line)
       0        0        0     1                 .Lline_table_start0
       0        0        0     1                 $d.11
     119      119      3c1     1         /tmp/common-ad3cce.o:(.debug_line)
     119      119        0     1                 .Lline_table_start0
     119      119        0     1                 $d.10
       0        0     1890     4 .symtab
       0        0     1890     4         <internal>:(.symtab)
       0        0       a0     1 .shstrtab
       0        0       a0     1         <internal>:(.shstrtab)
       0        0       f7     1 .strtab
       0        0       f7     1         <internal>:(.strtab)
